{
  "bounds": [
    -110.365094,
    44.533278,
    -110.284433,
    44.596766
  ],
  "center": [
    -110.324763,
    44.565022,
    9
  ],
  "format": "webp",
  "maxzoom": 15,
  "minzoom": 9,
  "id": null,
  "name": "",
  "description": "",
  "version": "1.0.0",
  "legend": null,
  "scheme": "xyz"
}
