{
  "scheme": "tms",
  "basename": "valid-update1.mbtiles",
  "id": "valid-update1",
  "filesize": 19456,
  "bounds": [
    -180,
    -85.051129,
    180,
    85.051128
  ],
  "minzoom": 1,
  "maxzoom": 1,
  "name": "US Debt Held By Foreign Nations",
  "description": "",
  "version": "1.0.0",
  "legend": "<div id='legend-debt'>\n  Total US foreign held debt:<br>\n  <strong style=\"font-size: 18px; font-weight: bold; line-height: 1\">$4.45 trillion</strong><br>\n<span style=\"font-size: 10px\">\nSource: <a href='http://www.washingtonpost.com/wp-srv/special/business/foreign-held-us-debt/' target='_blank'>The Washington Post, 2011</a>\n</span>\n</div>",
  "template": "{{#__teaser__}}{{Country}}{{/__teaser__}}",
  "spec": "1.2",
  "center": [
    0,
    0,
    1
  ]
}
