{
  "vector_layers": [
    {
      "id": "OGRGeoJSON",
      "description": "",
      "minzoom": 0,
      "maxzoom": 22,
      "fields": {
        "kind": "String",
        "name": "String",
        "state": "String"
      }
    }
  ],
  "bounds": [
    -77.1174,
    38.7912,
    -76.9093,
    38.9939
  ],
  "center": [
    -77.01335,
    38.89255,
    0
  ],
  "format": "pbf",
  "maxzoom": 6,
  "minzoom": 0,
  "id": null,
  "name": "",
  "description": "",
  "version": "1.0.0",
  "legend": null,
  "scheme": "xyz"
}
