{
  "vector_layers": [
    {
      "id": "Magnitude_6",
      "description": "",
      "minzoom": 0,
      "maxzoom": 22,
      "fields": {
        "Name": "String",
        "Description": "String"
      }
    },
    {
      "id": "Magnitude_5",
      "description": "",
      "minzoom": 0,
      "maxzoom": 22,
      "fields": {
        "Name": "String",
        "Description": "String"
      }
    },
    {
      "id": "Magnitude_4",
      "description": "",
      "minzoom": 0,
      "maxzoom": 22,
      "fields": {
        "Name": "String",
        "Description": "String"
      }
    },
    {
      "id": "Magnitude_3",
      "description": "",
      "minzoom": 0,
      "maxzoom": 22,
      "fields": {
        "Name": "String",
        "Description": "String"
      }
    },
    {
      "id": "Magnitude_2",
      "description": "",
      "minzoom": 0,
      "maxzoom": 22,
      "fields": {
        "Name": "String",
        "Description": "String"
      }
    },
    {
      "id": "Magnitude_1",
      "description": "",
      "minzoom": 0,
      "maxzoom": 22,
      "fields": {
        "Name": "String",
        "Description": "String"
      }
    }
  ],
  "bounds": [
    -155.8387,
    17.7682,
    -64.427801,
    67.3132
  ],
  "center": [
    -110.13325,
    42.5407,
    1
  ],
  "format": "pbf",
  "maxzoom": 8,
  "minzoom": 1,
  "id": null,
  "name": "",
  "description": "",
  "version": "1.0.0",
  "legend": null,
  "scheme": "xyz"
}
