{
  "attribution": "Map data Â© OpenStreetMap contributors",
  "bounds": [
    -180,
    -85.0511,
    180,
    85.0511
  ],
  "center": [
    8.789062,
    33.651208,
    3
  ],
  "format": "png8:m=h",
  "maxzoom": 22,
  "minzoom": 0,
  "scale": "1",
  "source": "mapbox:///mapbox.mapbox-streets-v3",
  "id": null,
  "name": "",
  "description": "",
  "version": "1.0.0",
  "legend": null,
  "scheme": "xyz"
}
