{
  "scheme": "tms",
  "basename": "valid-prepare.mbtiles",
  "id": "valid-prepare",
  "filesize": 20480,
  "version": "1.0.0",
  "level1": {
    "level2": "property"
  },
  "custom": [
    "custom list"
  ],
  "name": "",
  "description": "",
  "legend": null,
  "minzoom": 0,
  "maxzoom": 22,
  "bounds": [
    -180,
    -85.051129,
    180,
    85.051128
  ],
  "center": null
}